[2026-09-19 16:22:40] [error]: Request error
[2026-09-19 16:23:03] [error]: Request error
[2026-09-19 16:23:06] [error]: Request error
[2026-09-19 16:24:24] [error]: [GET] /health/dfasfa - 404 - Route not found: GET /health/dfasfa
[2026-09-21 19:56:48] [error]: [POST] /users - undefined - Cannot destructure property 'firstname' of 'req.body' as it is undefined.
[2026-09-21 19:57:22] [error]: [POST] /users - undefined - 
Invalid `prisma.user.create()` invocation in
D:\100xCode\backend\src\app.ts:23:37

  20 app.post("/users", async(req, res) => {
  21      const {firstname, lastname, email, password} = req.body;
  22 
→ 23      const user = await prisma.user.create(

[2026-09-21 20:00:10] [error]: [POST] /users - undefined - 
Invalid `prisma.user.create()` invocation in
D:\100xCode\backend\src\app.ts:23:37

  20 app.post("/users", async(req, res) => {
  21      const {firstname, lastname, email, password} = req.body;
  22 
→ 23      const user = await prisma.user.create(

[2026-09-21 20:02:12] [error]: [POST] /users - undefined - 
Invalid `prisma.user.create()` invocation in
D:\100xCode\backend\src\app.ts:23:37

  20 app.post("/users", async(req, res) => {
  21      const {firstname, lastname, email, password} = req.body;
  22 
→ 23      const user = await prisma.user.create(

[2026-09-21 20:02:57] [error]: [POST] /users - undefined - 
Invalid `prisma.user.create()` invocation in
D:\100xCode\backend\src\app.ts:23:37

  20 app.post("/users", async(req, res) => {
  21      const {firstname, lastname, email, password} = req.body;
  22 
→ 23      const user = await prisma.user.create(

[2026-09-21 20:04:27] [error]: [POST] /users - undefined - 
Invalid `prisma.user.create()` invocation in
D:\100xCode\backend\src\app.ts:24:37

  21 console.log("REQ BODY", req.body);
  22  const {firstname, lastname, email, password} = req.body;
  23 
→ 24  const user = await prisma.user.create(

[2026-09-21 20:11:16] [error]: [POST] /users - undefined - 
Invalid `prisma.user.create()` invocation in
D:\100xCode\backend\src\app.ts:31:37

  28    password
  29 })
  30 
→ 31 const user = await prisma.user.create(

[2026-09-21 20:26:02] [error]: [POST] /users - undefined - SASL: SCRAM-SERVER-FIRST-MESSAGE: client password must be a string
[2026-09-21 20:26:43] [error]: [POST] /users - undefined - SASL: SCRAM-SERVER-FIRST-MESSAGE: client password must be a string
[2026-09-21 20:33:58] [error]: [POST] /users - undefined - 
Invalid `prisma.user.create()` invocation in
D:\100xCode\backend\src\app.ts:29:34

  26   password,
  27 });
  28 
→ 29 const user = await prisma.user.create(
Database `100xcode` does not exist on the database server
[2026-09-21 20:34:37] [error]: [POST] /users - undefined - 
Invalid `prisma.user.create()` invocation in
D:\100xCode\backend\src\app.ts:29:34

  26   password,
  27 });
  28 
→ 29 const user = await prisma.user.create(
The table `public.User` does not exist in the current database.
[2026-09-21 20:38:53] [error]: [POST] /users - undefined - 
Invalid `prisma.user.create()` invocation in
D:\100xCode\backend\src\app.ts:29:34

  26   password,
  27 });
  28 
→ 29 const user = await prisma.user.create(
Null constraint violation on the (not available)
[2026-09-22 20:05:36] [error]: Job 201 failed: TEST: Email service failed
[2026-09-22 20:06:45] [error]: Job 202 failed: TEST: Email service failed
[2026-09-22 20:06:47] [error]: Job 202 failed: TEST: Email service failed
[2026-09-22 20:06:51] [error]: Job 202 failed: TEST: Email service failed
[2026-09-25 20:23:41] [error]: [POST] /api/v1/auth/register - 400 - Validation failed
[2026-09-25 20:24:22] [error]: [POST] /api/v1/auth/register - 400 - Validation failed
[2026-09-25 20:24:40] [error]: [POST] /api/v1/auth/register - 400 - Validation failed
[2026-09-25 20:24:48] [error]: [POST] /api/v1/auth/register - undefined - 
Invalid `prisma.user.findUnique()` invocation in
D:\100xCode\backend\src\repositories\user\user.repositories.ts:15:30

  12 
  13 class UserRepository {
  14   static async findUserByEmail(email: string) {
→ 15     return await prisma.user.findUnique(

[2026-09-25 20:24:48] [error]: PrismaClientKnownRequestError: 
Invalid `prisma.user.findUnique()` invocation in
D:\100xCode\backend\src\repositories\user\user.repositories.ts:15:30

  12 
  13 class UserRepository {
  14   static async findUserByEmail(email: string) {
→ 15     return await prisma.user.findUnique(

    at vn.handleRequestError (D:\100xCode\backend\node_modules\@prisma\client\src\runtime\RequestHandler.ts:238:13)
    at vn.handleAndLogRequestError (D:\100xCode\backend\node_modules\@prisma\client\src\runtime\RequestHandler.ts:184:12)
    at vn.request (D:\100xCode\backend\node_modules\@prisma\client\src\runtime\RequestHandler.ts:153:12)
    at process.processTicksAndRejections (node:internal/process/task_queues:103:5)
    at async a (D:\100xCode\backend\node_modules\@prisma\client\src\runtime\getPrismaClient.ts:1014:24)
    at async Function.findUserByEmail (D:\100xCode\backend\src\repositories\user\user.repositories.ts:15:12)
    at async Function.register (D:\100xCode\backend\src\services\auth\auth.service.ts:12:18)
    at async register (D:\100xCode\backend\src\controllers\auth\auth.controller.ts:28:53)
[2026-09-25 20:26:24] [error]: [POST] /api/v1/auth/register - undefined - 
Invalid `prisma.user.create()` invocation in
D:\100xCode\backend\src\repositories\user\user.repositories.ts:23:30

  20 }
  21 
  22 static async createUser(data: CreateUserData) {
→ 23   return await prisma.user.create(
Null constraint violation on the (not available)
[2026-09-25 20:26:24] [error]: PrismaClientKnownRequestError: 
Invalid `prisma.user.create()` invocation in
D:\100xCode\backend\src\repositories\user\user.repositories.ts:23:30

  20 }
  21 
  22 static async createUser(data: CreateUserData) {
→ 23   return await prisma.user.create(
Null constraint violation on the (not available)
    at vn.handleRequestError (D:\100xCode\backend\node_modules\@prisma\client\src\runtime\RequestHandler.ts:238:13)
    at vn.handleAndLogRequestError (D:\100xCode\backend\node_modules\@prisma\client\src\runtime\RequestHandler.ts:184:12)
    at vn.request (D:\100xCode\backend\node_modules\@prisma\client\src\runtime\RequestHandler.ts:153:12)
    at process.processTicksAndRejections (node:internal/process/task_queues:103:5)
    at async a (D:\100xCode\backend\node_modules\@prisma\client\src\runtime\getPrismaClient.ts:1014:24)
    at async Function.createUser (D:\100xCode\backend\src\repositories\user\user.repositories.ts:23:12)
    at async Function.register (D:\100xCode\backend\src\services\auth\auth.service.ts:21:21)
    at async register (D:\100xCode\backend\src\controllers\auth\auth.controller.ts:28:53)
[2026-09-25 20:26:43] [error]: [POST] /api/v1/auth/register - undefined - 
Invalid `prisma.user.create()` invocation in
D:\100xCode\backend\src\repositories\user\user.repositories.ts:23:30

  20 }
  21 
  22 static async createUser(data: CreateUserData) {
→ 23   return await prisma.user.create(
Null constraint violation on the (not available)
[2026-09-25 20:26:43] [error]: PrismaClientKnownRequestError: 
Invalid `prisma.user.create()` invocation in
D:\100xCode\backend\src\repositories\user\user.repositories.ts:23:30

  20 }
  21 
  22 static async createUser(data: CreateUserData) {
→ 23   return await prisma.user.create(
Null constraint violation on the (not available)
    at vn.handleRequestError (D:\100xCode\backend\node_modules\@prisma\client\src\runtime\RequestHandler.ts:238:13)
    at vn.handleAndLogRequestError (D:\100xCode\backend\node_modules\@prisma\client\src\runtime\RequestHandler.ts:184:12)
    at vn.request (D:\100xCode\backend\node_modules\@prisma\client\src\runtime\RequestHandler.ts:153:12)
    at process.processTicksAndRejections (node:internal/process/task_queues:103:5)
    at async a (D:\100xCode\backend\node_modules\@prisma\client\src\runtime\getPrismaClient.ts:1014:24)
    at async Function.createUser (D:\100xCode\backend\src\repositories\user\user.repositories.ts:23:12)
    at async Function.register (D:\100xCode\backend\src\services\auth\auth.service.ts:21:21)
    at async register (D:\100xCode\backend\src\controllers\auth\auth.controller.ts:28:53)
[2026-09-25 20:27:49] [error]: [POST] /api/v1/auth/register - undefined - 
Invalid `prisma.user.create()` invocation in
D:\100xCode\backend\src\repositories\user\user.repositories.ts:24:30

  21 
  22 static async createUser(data: CreateUserData) {
  23   console.log("USER DATA", data);
→ 24   return await prisma.user.create(
Null constraint violation on the (not available)
[2026-09-25 20:27:49] [error]: PrismaClientKnownRequestError: 
Invalid `prisma.user.create()` invocation in
D:\100xCode\backend\src\repositories\user\user.repositories.ts:24:30

  21 
  22 static async createUser(data: CreateUserData) {
  23   console.log("USER DATA", data);
→ 24   return await prisma.user.create(
Null constraint violation on the (not available)
    at vn.handleRequestError (D:\100xCode\backend\node_modules\@prisma\client\src\runtime\RequestHandler.ts:238:13)
    at vn.handleAndLogRequestError (D:\100xCode\backend\node_modules\@prisma\client\src\runtime\RequestHandler.ts:184:12)
    at vn.request (D:\100xCode\backend\node_modules\@prisma\client\src\runtime\RequestHandler.ts:153:12)
    at process.processTicksAndRejections (node:internal/process/task_queues:103:5)
    at async a (D:\100xCode\backend\node_modules\@prisma\client\src\runtime\getPrismaClient.ts:1014:24)
    at async Function.createUser (D:\100xCode\backend\src\repositories\user\user.repositories.ts:24:12)
    at async Function.register (D:\100xCode\backend\src\services\auth\auth.service.ts:21:21)
    at async register (D:\100xCode\backend\src\controllers\auth\auth.controller.ts:28:53)
[2026-09-25 20:28:47] [error]: [POST] /api/v1/auth/register - undefined - 
Invalid `prisma.user.create()` invocation in
D:\100xCode\backend\src\repositories\user\user.repositories.ts:24:30

  21 
  22 static async createUser(data: CreateUserData) {
  23   console.log("USER DATA", data);
→ 24   return await prisma.user.create(
Null constraint violation on the (not available)
[2026-09-25 20:28:47] [error]: PrismaClientKnownRequestError: 
Invalid `prisma.user.create()` invocation in
D:\100xCode\backend\src\repositories\user\user.repositories.ts:24:30

  21 
  22 static async createUser(data: CreateUserData) {
  23   console.log("USER DATA", data);
→ 24   return await prisma.user.create(
Null constraint violation on the (not available)
    at vn.handleRequestError (D:\100xCode\backend\node_modules\@prisma\client\src\runtime\RequestHandler.ts:238:13)
    at vn.handleAndLogRequestError (D:\100xCode\backend\node_modules\@prisma\client\src\runtime\RequestHandler.ts:184:12)
    at vn.request (D:\100xCode\backend\node_modules\@prisma\client\src\runtime\RequestHandler.ts:153:12)
    at process.processTicksAndRejections (node:internal/process/task_queues:103:5)
    at async a (D:\100xCode\backend\node_modules\@prisma\client\src\runtime\getPrismaClient.ts:1014:24)
    at async Function.createUser (D:\100xCode\backend\src\repositories\user\user.repositories.ts:24:12)
    at async Function.register (D:\100xCode\backend\src\services\auth\auth.service.ts:21:21)
    at async register (D:\100xCode\backend\src\controllers\auth\auth.controller.ts:28:53)
[2026-09-25 20:30:38] [error]: [POST] /api/v1/auth/register - undefined - Cannot read properties of undefined (reading 'setAuthCookies')
[2026-09-25 20:30:38] [error]: TypeError: Cannot read properties of undefined (reading 'setAuthCookies')
    at register (D:\100xCode\backend\src\controllers\auth\auth.controller.ts:32:10)
    at process.processTicksAndRejections (node:internal/process/task_queues:103:5)
[2026-09-25 20:34:38] [error]: [POST] /api/v1/auth/register - 409 - Email already exists
[2026-09-25 20:59:04] [error]: [POST] /api/v1/auth/register - 409 - Email already exists
[2026-10-03 20:50:59] [error]: [POST] /api/v1/auth/login - 400 - OTP not found
[2026-10-03 20:51:55] [error]: [POST] /api/v1/auth/register - 409 - Email already exists
[2026-10-03 20:53:05] [error]: Failed to send email
[2026-10-03 20:53:05] [error]: Job 1 failed: Failed to send email
[2026-10-03 20:53:05] [error]: Email job failed
[2026-10-03 20:53:08] [error]: Failed to send email
[2026-10-03 20:53:08] [error]: Job 1 failed: Failed to send email
[2026-10-03 20:53:08] [error]: Email job failed
[2026-10-03 20:53:12] [error]: Failed to send email
[2026-10-03 20:53:12] [error]: Job 1 failed: Failed to send email
[2026-10-03 20:53:12] [error]: Email job failed
[2026-10-03 20:55:15] [error]: Failed to send email
[2026-10-03 20:55:15] [error]: Job 203 failed: Failed to send email
[2026-10-03 20:55:15] [error]: Email job failed
[2026-10-03 20:55:18] [error]: Failed to send email
[2026-10-03 20:55:18] [error]: Job 203 failed: Failed to send email
[2026-10-03 20:55:18] [error]: Email job failed
[2026-10-03 20:55:22] [error]: Failed to send email
[2026-10-03 20:55:22] [error]: Job 203 failed: Failed to send email
[2026-10-03 20:55:22] [error]: Email job failed
[2026-10-03 20:57:10] [error]: Failed to send email
[2026-10-03 20:57:10] [error]: Job 204 failed: Failed to send email
[2026-10-03 20:57:10] [error]: Email job failed
[2026-10-03 20:57:12] [error]: Failed to send email
[2026-10-03 20:57:12] [error]: Job 204 failed: Failed to send email
[2026-10-03 20:57:12] [error]: Email job failed
[2026-10-03 20:57:16] [error]: Failed to send email
[2026-10-03 20:57:16] [error]: Job 204 failed: Failed to send email
[2026-10-03 20:57:16] [error]: Email job failed
[2026-10-03 20:58:30] [error]: Failed to send email
[2026-10-03 20:58:30] [error]: Job 205 failed: Failed to send email
[2026-10-03 20:58:30] [error]: Email job failed
[2026-10-03 20:58:32] [error]: Failed to send email
[2026-10-03 20:58:32] [error]: Job 205 failed: Failed to send email
[2026-10-03 20:58:32] [error]: Email job failed
[2026-10-03 20:58:36] [error]: Failed to send email
[2026-10-03 20:58:36] [error]: Job 205 failed: Failed to send email
[2026-10-03 20:58:36] [error]: Email job failed
[2026-10-03 20:59:12] [error]: Failed to send email
[2026-10-03 20:59:12] [error]: Job 206 failed: Failed to send email
[2026-10-03 20:59:12] [error]: Email job failed
[2026-10-03 20:59:14] [error]: Failed to send email
[2026-10-03 20:59:14] [error]: Job 206 failed: Failed to send email
[2026-10-03 20:59:14] [error]: Email job failed
[2026-10-03 20:59:18] [error]: Failed to send email
[2026-10-03 20:59:18] [error]: Job 206 failed: Failed to send email
[2026-10-03 20:59:18] [error]: Email job failed
[2026-10-03 20:59:29] [error]: Failed to send email
[2026-10-03 20:59:29] [error]: Job 207 failed: Failed to send email
[2026-10-03 20:59:29] [error]: Email job failed
[2026-10-03 20:59:32] [error]: Failed to send email
[2026-10-03 20:59:32] [error]: Job 207 failed: Failed to send email
[2026-10-03 20:59:32] [error]: Email job failed
[2026-10-03 20:59:36] [error]: Failed to send email
[2026-10-03 20:59:36] [error]: Job 207 failed: Failed to send email
[2026-10-03 20:59:36] [error]: Email job failed
[2026-10-03 20:59:56] [error]: Failed to send email
[2026-10-03 20:59:56] [error]: Job 208 failed: Failed to send email
[2026-10-03 20:59:56] [error]: Email job failed
[2026-10-03 20:59:59] [error]: Failed to send email
[2026-10-03 20:59:59] [error]: Job 208 failed: Failed to send email
[2026-10-03 20:59:59] [error]: Email job failed
[2026-10-03 21:00:03] [error]: Failed to send email
[2026-10-03 21:00:03] [error]: Job 208 failed: Failed to send email
[2026-10-03 21:00:03] [error]: Email job failed
[2026-10-03 21:01:37] [error]: Job 209 failed: Failed to send email
[2026-10-03 21:01:37] [error]: Email job failed
[2026-10-03 21:01:40] [error]: Job 209 failed: Failed to send email
[2026-10-03 21:01:40] [error]: Email job failed
[2026-10-03 21:01:43] [error]: Job 209 failed: Failed to send email
[2026-10-03 21:01:43] [error]: Email job failed
[2026-10-03 21:03:58] [error]: Job 210 failed: Failed to send email
[2026-10-03 21:03:58] [error]: Email job failed
[2026-10-03 21:04:01] [error]: Job 210 failed: Failed to send email
[2026-10-03 21:04:01] [error]: Email job failed
[2026-10-03 21:04:05] [error]: Job 210 failed: Failed to send email
[2026-10-03 21:04:05] [error]: Email job failed
[2026-10-03 21:08:14] [error]: [POST] /api/v1/auth/login - 400 - Validation failed
[2026-10-03 21:09:45] [error]: [POST] /api/v1/auth/login - 400 - Invalid OTP
[2026-10-03 21:09:53] [error]: [POST] /api/v1/auth/login - 400 - Invalid OTP
[2026-10-03 21:09:56] [error]: [POST] /api/v1/auth/login - 400 - Invalid OTP
[2026-10-03 21:09:57] [error]: [POST] /api/v1/auth/login - 400 - Invalid OTP
[2026-10-03 21:09:59] [error]: [POST] /api/v1/auth/login - 400 - Invalid OTP
[2026-10-03 21:10:00] [error]: [POST] /api/v1/auth/login - 429 - Too many OTP attempts
[2026-10-03 21:10:07] [error]: [POST] /api/v1/auth/login - 400 - OTP not found
